
> copy-of-copy-of-sequelstring-fba-control-tower@0.0.0 build
> vite build

[36mvite v6.4.1 [32mbuilding for production...[36m[39m
transforming...
[32mΓ£ô[39m 3 modules transformed.
node.exe : 
[31mΓ£ù[39m Build 
failed in 1.11s
At C:\Program Files\n
odejs\npm.ps1:29 
char:3
+   & $NODE_EXE 
$NPM_CLI_JS $args
+   ~~~~~~~~~~~~~~~~~
~~~~~~~~~~~~
    + CategoryInfo   
           : NotSpe  
  cified: ([31mΓ£   
 ù[39m Build fai    
led in 1.11s:Str    
ing) [], RemoteE    
xception
    + FullyQualified 
   ErrorId : Native  
  CommandError
 
[31merror during 
build:
[31m[vite:esbuild] 
Transform failed 
with 1 error:
C:/Users/sagar/Downlo
ads/copy-of-copy-of-s
equelstring-fba-contr
ol-tower 
(12)/App.tsx:558:0: 
ERROR: Unexpected 
"}"[31m
file: [36mC:/Users/s
agar/Downloads/copy-o
f-copy-of-sequelstrin
g-fba-control-tower (
12)/App.tsx:558:0[31
m
[33m
[33mUnexpected 
"}"[33m
556|    </div>
557|  );
558|  };
   |  ^
559|  
560|  export default 
App;
[31m
    at 
failureErrorWithLog (
C:\Users\sagar\Downlo
ads\copy-of-copy-of-s
equelstring-fba-contr
ol-tower (12)\node_mo
dules\esbuild\lib\mai
n.js:1467:15)
    at C:\Users\sagar
\Downloads\copy-of-co
py-of-sequelstring-fb
a-control-tower (12)\
node_modules\esbuild\
lib\main.js:736:50
    at responseCallba
cks.<computed> (C:\Us
ers\sagar\Downloads\c
opy-of-copy-of-sequel
string-fba-control-to
wer (12)\node_modules
\esbuild\lib\main.js:
603:9)
    at 
handleIncomingPacket 
(C:\Users\sagar\Downl
oads\copy-of-copy-of-
sequelstring-fba-cont
rol-tower (12)\node_m
odules\esbuild\lib\ma
in.js:658:12)
    at Socket.readFro
mStdout (C:\Users\sag
ar\Downloads\copy-of-
copy-of-sequelstring-
fba-control-tower (12
)\node_modules\esbuil
d\lib\main.js:581:7)
    at Socket.emit 
(node:events:518:28)
    at addChunk (node
:internal/streams/rea
dable:561:12)
    at readableAddChu
nkPushByteMode (node:
internal/streams/read
able:512:3)
    at Readable.push 
(node:internal/stream
s/readable:392:5)
    at 
Pipe.onStreamRead (no
de:internal/stream_ba
se_commons:189:23)[3
9m
