[36mvite v6.4.1 [32mbuilding for production...[36m[39m
transforming...
[32mΓ£ô[39m 2681 modules transformed.
rendering chunks...
computing gzip size...
[2mdist/[22m[32mindex.html                          [39m[1m[2m    3.49 kB[22m[1m[22m[2m Γöé gzip:   1.12 kB[22m
[2mdist/[22m[35massets/index-BcoJaduw.css           [39m[1m[2m  176.00 kB[22m[1m[22m[2m Γöé gzip:  26.47 kB[22m
[2mdist/[22m[36massets/purify.es-B9ZVCkUG.js        [39m[1m[2m   22.64 kB[22m[1m[22m[2m Γöé gzip:   8.75 kB[22m
[2mdist/[22m[36massets/index.es-DWhb2ufk.js         [39m[1m[2m  159.38 kB[22m[1m[22m[2m Γöé gzip:  53.43 kB[22m
[2mdist/[22m[36massets/html2canvas.esm-QH1iLAAe.js  [39m[1m[2m  202.38 kB[22m[1m[22m[2m Γöé gzip:  48.04 kB[22m
[2mdist/[22m[36massets/index-DoZvVuS5.js            [39m[1m[33m2,403.57 kB[39m[22m[2m Γöé gzip: 616.51 kB[22m
[32mΓ£ô built in 21.02s[39m
