======================================================================
VDU ENGINE TEST - Laxmi Pharma Invoice
======================================================================
python : Traceback (most 
recent call last):
At line:1 char:1
+ python test_vdu.py > 
test_output.txt 2>&1; 
Get-Content test_output.tx 
...
+ ~~~~~~~~~~~~~~~~~~~~~~~~~~
~~~~~~~~~~~~~~~
    + CategoryInfo          
    : NotSpecified: (Trace  
  back (most recent call    
 last)::String) [], Remo    
teException
    + FullyQualifiedErrorId 
    : NativeCommandError
 
  File "C:\Users\sagar\Downl
oads\newown - 
Copy\backend\test_vdu.py", 
line 16, in <module>
    engine = VDUEngine()
  File "C:\Users\sagar\Downl
oads\newown - Copy\backend\.
\services\vdu\vdu_engine.py"
, line 180, in __init__
    print("\u2705 VDUEngine 
initialized (Cloud-based, 
CPU-only)")
  File "C:\Program Files\Win
dowsApps\PythonSoftwareFound
ation.Python.3.10_3.10.3056.
0_x64__qbz5n2kfra8p0\lib\enc
odings\cp1252.py", line 19, 
in encode
    return codecs.charmap_en
code(input,self.errors,encod
ing_table)[0]
UnicodeEncodeError: 
'charmap' codec can't 
encode character '\u2705' 
in position 0: character 
maps to <undefined>
